10:57:45.632 [main] INFO  common-flow - Processing feedback submission.
10:57:45.635 [main] INFO  common-flow - Feedback submission completed.
10:57:45.645 [main] INFO  common-flow - Loading feedback page.
10:57:45.647 [main] INFO  common-flow - Feedback page loaded.
12:34:00.519 [main] INFO  common-flow - Processing feedback submission.
12:34:00.520 [main] INFO  common-flow - Starting feedback save. subject=happy
12:34:00.521 [main] INFO  common-flow - Feedback save completed. subject=happy
12:34:00.523 [main] INFO  common-flow - Feedback submission completed.
12:34:00.527 [main] INFO  common-flow - Loading feedback page.
12:34:00.528 [main] INFO  common-flow - Getting all news
12:34:00.528 [main] INFO  common-flow - Returning all news
12:34:00.529 [main] INFO  common-flow - Feedback page loaded.
12:34:00.940 [main] INFO  common-flow - Getting all feedback
12:34:00.941 [main] INFO  common-flow - Returning all feedback
12:34:00.954 [main] INFO  common-flow - Starting feedback save. subject=happy
12:34:00.956 [main] INFO  common-flow - Feedback save completed. subject=happy
13:29:32.727 [main] INFO  common-flow - Processing feedback submission.
13:29:32.727 [main] INFO  common-flow - Starting feedback save. subject=happy
13:29:32.729 [main] INFO  common-flow - Feedback save completed. subject=happy
13:29:32.729 [main] INFO  common-flow - Feedback submission completed.
13:29:32.738 [main] INFO  common-flow - Loading feedback page.
13:29:32.738 [main] INFO  common-flow - Getting all news
13:29:32.738 [main] INFO  common-flow - Returning all news
13:29:32.739 [main] INFO  common-flow - Feedback page loaded.
13:29:33.189 [main] INFO  common-flow - Getting all feedback
13:29:33.190 [main] INFO  common-flow - Returning all feedback
13:29:33.197 [main] INFO  common-flow - Starting feedback save. subject=happy
13:29:33.199 [main] INFO  common-flow - Feedback save completed. subject=happy
13:39:35.887 [main] INFO  common-flow - Processing feedback submission.
13:39:35.887 [main] INFO  common-flow - Starting feedback save. subject=happy
13:39:35.890 [main] INFO  common-flow - Feedback save completed. subject=happy
13:39:35.890 [main] INFO  common-flow - Feedback submission completed.
13:39:35.900 [main] INFO  common-flow - Loading feedback page.
13:39:35.900 [main] INFO  common-flow - Getting all news
13:39:35.900 [main] INFO  common-flow - Returning all news
13:39:35.902 [main] INFO  common-flow - Feedback page loaded.
13:39:36.363 [main] INFO  common-flow - Getting all feedback
13:39:36.363 [main] INFO  common-flow - Returning all feedback
13:39:36.371 [main] INFO  common-flow - Starting feedback save. subject=happy
13:39:36.372 [main] INFO  common-flow - Feedback save completed. subject=happy
13:44:40.962 [main] INFO  common-flow - Processing feedback submission.
13:44:40.962 [main] INFO  common-flow - Starting feedback save. subject=happy
13:44:40.964 [main] INFO  common-flow - Feedback save completed. subject=happy
13:44:40.964 [main] INFO  common-flow - Feedback submission completed.
13:44:40.973 [main] INFO  common-flow - Loading feedback page.
13:44:40.974 [main] INFO  common-flow - Getting all news
13:44:40.974 [main] INFO  common-flow - Returning all news
13:44:40.975 [main] INFO  common-flow - Feedback page loaded.
13:44:41.370 [main] INFO  common-flow - Getting all feedback
13:44:41.370 [main] INFO  common-flow - Returning all feedback
13:44:41.378 [main] INFO  common-flow - Starting feedback save. subject=happy
13:44:41.380 [main] INFO  common-flow - Feedback save completed. subject=happy
13:48:33.668 [main] INFO  common-flow - Processing feedback submission.
13:48:33.669 [main] INFO  common-flow - Starting feedback save. subject=happy
13:48:33.671 [main] INFO  common-flow - Feedback save completed. subject=happy
13:48:33.671 [main] INFO  common-flow - Feedback submission completed.
13:48:33.681 [main] INFO  common-flow - Loading feedback page.
13:48:33.681 [main] INFO  common-flow - Getting all news
13:48:33.681 [main] INFO  common-flow - Returning all news
13:48:33.682 [main] INFO  common-flow - Feedback page loaded.
13:48:34.174 [main] INFO  common-flow - Getting all feedback
13:48:34.174 [main] INFO  common-flow - Returning all feedback
13:48:34.182 [main] INFO  common-flow - Starting feedback save. subject=happy
13:48:34.183 [main] INFO  common-flow - Feedback save completed. subject=happy
13:52:54.926 [main] INFO  common-flow - Processing feedback submission.
13:52:54.926 [main] INFO  common-flow - Starting feedback save. subject=happy
13:52:54.928 [main] INFO  common-flow - Feedback save completed. subject=happy
13:52:54.928 [main] INFO  common-flow - Feedback submission completed.
13:52:54.937 [main] INFO  common-flow - Loading feedback page.
13:52:54.937 [main] INFO  common-flow - Getting all news
13:52:54.937 [main] INFO  common-flow - Returning all news
13:52:54.939 [main] INFO  common-flow - Feedback page loaded.
13:52:55.466 [main] INFO  common-flow - Getting all feedback
13:52:55.466 [main] INFO  common-flow - Returning all feedback
13:52:55.474 [main] INFO  common-flow - Starting feedback save. subject=happy
13:52:55.475 [main] INFO  common-flow - Feedback save completed. subject=happy
13:57:06.329 [main] INFO  common-flow - Processing feedback submission.
13:57:06.329 [main] INFO  common-flow - Starting feedback save. subject=happy
13:57:06.331 [main] INFO  common-flow - Feedback save completed. subject=happy
13:57:06.331 [main] INFO  common-flow - Feedback submission completed.
13:57:06.336 [main] INFO  common-flow - Loading feedback page.
13:57:06.336 [main] INFO  common-flow - Getting all news
13:57:06.336 [main] INFO  common-flow - Returning all news
13:57:06.337 [main] INFO  common-flow - Feedback page loaded.
13:57:06.744 [main] INFO  common-flow - Getting all feedback
13:57:06.744 [main] INFO  common-flow - Returning all feedback
13:57:06.752 [main] INFO  common-flow - Starting feedback save. subject=happy
13:57:06.753 [main] INFO  common-flow - Feedback save completed. subject=happy
14:09:12.220 [main] INFO  common-flow - Processing feedback submission.
14:09:12.221 [main] INFO  common-flow - Starting feedback save. subject=happy
14:09:12.223 [main] INFO  common-flow - Feedback save completed. subject=happy
14:09:12.223 [main] INFO  common-flow - Feedback submission completed.
14:09:12.229 [main] INFO  common-flow - Loading feedback page.
14:09:12.229 [main] INFO  common-flow - Getting all news
14:09:12.229 [main] INFO  common-flow - Returning all news
14:09:12.230 [main] INFO  common-flow - Feedback page loaded.
14:09:12.630 [main] INFO  common-flow - Getting all feedback
14:09:12.630 [main] INFO  common-flow - Returning all feedback
14:09:12.639 [main] INFO  common-flow - Starting feedback save. subject=happy
14:09:12.640 [main] INFO  common-flow - Feedback save completed. subject=happy
14:53:32.572 [main] INFO  common-flow - Processing feedback submission.
14:53:32.572 [main] INFO  common-flow - Starting feedback save. subject=happy
14:53:32.575 [main] INFO  common-flow - Feedback save completed. subject=happy
14:53:32.575 [main] INFO  common-flow - Feedback submission completed.
14:53:32.582 [main] INFO  common-flow - Loading feedback page.
14:53:32.583 [main] INFO  common-flow - Getting all news
14:53:32.583 [main] INFO  common-flow - Returning all news
14:53:32.585 [main] INFO  common-flow - Feedback page loaded.
14:53:33.063 [main] INFO  common-flow - Getting all feedback
14:53:33.064 [main] INFO  common-flow - Returning all feedback
14:53:33.072 [main] INFO  common-flow - Starting feedback save. subject=happy
14:53:33.074 [main] INFO  common-flow - Feedback save completed. subject=happy
14:55:36.194 [main] INFO  common-flow - Processing feedback submission.
14:55:36.194 [main] INFO  common-flow - Starting feedback save. subject=happy
14:55:36.198 [main] INFO  common-flow - Feedback save completed. subject=happy
14:55:36.198 [main] INFO  common-flow - Feedback submission completed.
14:55:36.205 [main] INFO  common-flow - Loading feedback page.
14:55:36.205 [main] INFO  common-flow - Getting all news
14:55:36.206 [main] INFO  common-flow - Returning all news
14:55:36.207 [main] INFO  common-flow - Feedback page loaded.
14:55:36.627 [main] INFO  common-flow - Getting all feedback
14:55:36.628 [main] INFO  common-flow - Returning all feedback
14:55:36.636 [main] INFO  common-flow - Starting feedback save. subject=happy
14:55:36.638 [main] INFO  common-flow - Feedback save completed. subject=happy
15:03:12.919 [main] INFO  common-flow - Processing feedback submission.
15:03:12.919 [main] INFO  common-flow - Starting feedback save. subject=happy
15:03:12.921 [main] INFO  common-flow - Feedback save completed. subject=happy
15:03:12.921 [main] INFO  common-flow - Feedback submission completed.
15:03:12.930 [main] INFO  common-flow - Loading feedback page.
15:03:12.930 [main] INFO  common-flow - Getting all news
15:03:12.930 [main] INFO  common-flow - Returning all news
15:03:12.932 [main] INFO  common-flow - Feedback page loaded.
15:03:13.306 [main] INFO  common-flow - Getting all feedback
15:03:13.307 [main] INFO  common-flow - Returning all feedback
15:03:13.315 [main] INFO  common-flow - Starting feedback save. subject=happy
15:03:13.316 [main] INFO  common-flow - Feedback save completed. subject=happy
15:40:31.174 [main] INFO  common-flow - Processing feedback submission.
15:40:31.175 [main] INFO  common-flow - Starting feedback save. subject=happy
15:40:31.178 [main] INFO  common-flow - Feedback save completed. subject=happy
15:40:31.178 [main] INFO  common-flow - Feedback submission completed.
15:40:31.186 [main] INFO  common-flow - Loading feedback page.
15:40:31.186 [main] INFO  common-flow - Getting all news
15:40:31.186 [main] INFO  common-flow - Returning all news
15:40:31.187 [main] INFO  common-flow - Feedback page loaded.
15:40:31.649 [main] INFO  common-flow - Getting all feedback
15:40:31.649 [main] INFO  common-flow - Returning all feedback
15:40:31.658 [main] INFO  common-flow - Starting feedback save. subject=happy
15:40:31.659 [main] INFO  common-flow - Feedback save completed. subject=happy
15:47:50.967 [main] INFO  common-flow - Processing feedback submission.
15:47:50.967 [main] INFO  common-flow - Starting feedback save. subject=happy
15:47:50.970 [main] INFO  common-flow - Feedback save completed. subject=happy
15:47:50.970 [main] INFO  common-flow - Feedback submission completed.
15:47:50.979 [main] INFO  common-flow - Loading feedback page.
15:47:50.979 [main] INFO  common-flow - Getting all news
15:47:50.979 [main] INFO  common-flow - Returning all news
15:47:50.981 [main] INFO  common-flow - Feedback page loaded.
15:47:51.418 [main] INFO  common-flow - Getting all feedback
15:47:51.418 [main] INFO  common-flow - Returning all feedback
15:47:51.426 [main] INFO  common-flow - Starting feedback save. subject=happy
15:47:51.427 [main] INFO  common-flow - Feedback save completed. subject=happy
15:50:47.933 [main] INFO  common-flow - Processing feedback submission.
15:50:47.933 [main] INFO  common-flow - Starting feedback save. subject=happy
15:50:47.935 [main] INFO  common-flow - Feedback save completed. subject=happy
15:50:47.935 [main] INFO  common-flow - Feedback submission completed.
15:50:47.941 [main] INFO  common-flow - Loading feedback page.
15:50:47.941 [main] INFO  common-flow - Getting all news
15:50:47.941 [main] INFO  common-flow - Returning all news
15:50:47.942 [main] INFO  common-flow - Feedback page loaded.
15:50:48.364 [main] INFO  common-flow - Getting all feedback
15:50:48.364 [main] INFO  common-flow - Returning all feedback
15:50:48.372 [main] INFO  common-flow - Starting feedback save. subject=happy
15:50:48.374 [main] INFO  common-flow - Feedback save completed. subject=happy
15:54:53.627 [main] INFO  common-flow - Processing feedback submission.
15:54:53.628 [main] INFO  common-flow - Starting feedback save. subject=happy
15:54:53.630 [main] INFO  common-flow - Feedback save completed. subject=happy
15:54:53.630 [main] INFO  common-flow - Feedback submission completed.
15:54:53.637 [main] INFO  common-flow - Loading feedback page.
15:54:53.637 [main] INFO  common-flow - Getting all news
15:54:53.637 [main] INFO  common-flow - Returning all news
15:54:53.638 [main] INFO  common-flow - Feedback page loaded.
15:54:54.070 [main] INFO  common-flow - Getting all feedback
15:54:54.071 [main] INFO  common-flow - Returning all feedback
15:54:54.078 [main] INFO  common-flow - Starting feedback save. subject=happy
15:54:54.080 [main] INFO  common-flow - Feedback save completed. subject=happy
15:58:22.561 [main] INFO  common-flow - Processing feedback submission.
15:58:22.562 [main] INFO  common-flow - Starting feedback save. subject=happy
15:58:22.564 [main] INFO  common-flow - Feedback save completed. subject=happy
15:58:22.564 [main] INFO  common-flow - Feedback submission completed.
15:58:22.571 [main] INFO  common-flow - Loading feedback page.
15:58:22.571 [main] INFO  common-flow - Getting all news
15:58:22.571 [main] INFO  common-flow - Returning all news
15:58:22.573 [main] INFO  common-flow - Feedback page loaded.
15:58:23.025 [main] INFO  common-flow - Getting all feedback
15:58:23.025 [main] INFO  common-flow - Returning all feedback
15:58:23.030 [main] INFO  common-flow - Starting feedback save. subject=happy
15:58:23.032 [main] INFO  common-flow - Feedback save completed. subject=happy
16:07:40.614 [main] INFO  common-flow - Processing feedback submission.
16:07:40.615 [main] INFO  common-flow - Starting feedback save. subject=happy
16:07:40.618 [main] INFO  common-flow - Feedback save completed. subject=happy
16:07:40.618 [main] INFO  common-flow - Feedback submission completed.
16:07:40.623 [main] INFO  common-flow - Loading feedback page.
16:07:40.624 [main] INFO  common-flow - Getting all news
16:07:40.624 [main] INFO  common-flow - Returning all news
16:07:40.624 [main] INFO  common-flow - Feedback page loaded.
16:07:41.054 [main] INFO  common-flow - Getting all feedback
16:07:41.054 [main] INFO  common-flow - Returning all feedback
16:07:41.063 [main] INFO  common-flow - Starting feedback save. subject=happy
16:07:41.065 [main] INFO  common-flow - Feedback save completed. subject=happy
16:21:35.635 [main] INFO  common-flow - Processing feedback submission.
16:21:35.635 [main] INFO  common-flow - Starting feedback save. subject=happy
16:21:35.637 [main] INFO  common-flow - Feedback save completed. subject=happy
16:21:35.637 [main] INFO  common-flow - Feedback submission completed.
16:21:35.646 [main] INFO  common-flow - Loading feedback page.
16:21:35.646 [main] INFO  common-flow - Getting all news
16:21:35.646 [main] INFO  common-flow - Returning all news
16:21:35.647 [main] INFO  common-flow - Feedback page loaded.
16:21:36.110 [main] INFO  common-flow - Getting all feedback
16:21:36.111 [main] INFO  common-flow - Returning all feedback
16:21:36.119 [main] INFO  common-flow - Starting feedback save. subject=happy
16:21:36.121 [main] INFO  common-flow - Feedback save completed. subject=happy
16:23:27.983 [main] INFO  common-flow - Processing feedback submission.
16:23:27.983 [main] INFO  common-flow - Starting feedback save. subject=happy
16:23:27.985 [main] INFO  common-flow - Feedback save completed. subject=happy
16:23:27.985 [main] INFO  common-flow - Feedback submission completed.
16:23:27.994 [main] INFO  common-flow - Loading feedback page.
16:23:27.994 [main] INFO  common-flow - Getting all news
16:23:27.994 [main] INFO  common-flow - Returning all news
16:23:27.995 [main] INFO  common-flow - Feedback page loaded.
16:23:28.478 [main] INFO  common-flow - Getting all feedback
16:23:28.478 [main] INFO  common-flow - Returning all feedback
16:23:28.486 [main] INFO  common-flow - Starting feedback save. subject=happy
16:23:28.488 [main] INFO  common-flow - Feedback save completed. subject=happy
16:28:18.992 [main] INFO  common-flow - Processing feedback submission.
16:28:18.993 [main] INFO  common-flow - Starting feedback save. subject=happy
16:28:18.995 [main] INFO  common-flow - Feedback save completed. subject=happy
16:28:18.995 [main] INFO  common-flow - Feedback submission completed.
16:28:19.003 [main] INFO  common-flow - Loading feedback page.
16:28:19.003 [main] INFO  common-flow - Getting all news
16:28:19.003 [main] INFO  common-flow - Returning all news
16:28:19.005 [main] INFO  common-flow - Feedback page loaded.
16:28:19.387 [main] INFO  common-flow - Getting all feedback
16:28:19.387 [main] INFO  common-flow - Returning all feedback
16:28:19.396 [main] INFO  common-flow - Starting feedback save. subject=happy
16:28:19.397 [main] INFO  common-flow - Feedback save completed. subject=happy
16:30:37.242 [main] INFO  common-flow - Processing feedback submission.
16:30:37.242 [main] INFO  common-flow - Starting feedback save. subject=happy
16:30:37.246 [main] INFO  common-flow - Feedback save completed. subject=happy
16:30:37.246 [main] INFO  common-flow - Feedback submission completed.
16:30:37.255 [main] INFO  common-flow - Loading feedback page.
16:30:37.255 [main] INFO  common-flow - Getting all news
16:30:37.255 [main] INFO  common-flow - Returning all news
16:30:37.257 [main] INFO  common-flow - Feedback page loaded.
16:30:37.633 [main] INFO  common-flow - Getting all feedback
16:30:37.633 [main] INFO  common-flow - Returning all feedback
16:30:37.641 [main] INFO  common-flow - Starting feedback save. subject=happy
16:30:37.643 [main] INFO  common-flow - Feedback save completed. subject=happy
16:37:11.146 [main] INFO  common-flow - Processing feedback submission.
16:37:11.146 [main] INFO  common-flow - Starting feedback save. subject=happy
16:37:11.148 [main] INFO  common-flow - Feedback save completed. subject=happy
16:37:11.148 [main] INFO  common-flow - Feedback submission completed.
16:37:11.159 [main] INFO  common-flow - Loading feedback page.
16:37:11.159 [main] INFO  common-flow - Getting all news
16:37:11.159 [main] INFO  common-flow - Returning all news
16:37:11.161 [main] INFO  common-flow - Feedback page loaded.
16:37:11.538 [main] INFO  common-flow - Getting all feedback
16:37:11.538 [main] INFO  common-flow - Returning all feedback
16:37:11.544 [main] INFO  common-flow - Starting feedback save. subject=happy
16:37:11.545 [main] INFO  common-flow - Feedback save completed. subject=happy
16:39:44.522 [main] INFO  common-flow - Processing feedback submission.
16:39:44.522 [main] INFO  common-flow - Starting feedback save. subject=happy
16:39:44.524 [main] INFO  common-flow - Feedback save completed. subject=happy
16:39:44.524 [main] INFO  common-flow - Feedback submission completed.
16:39:44.530 [main] INFO  common-flow - Loading feedback page.
16:39:44.530 [main] INFO  common-flow - Getting all news
16:39:44.530 [main] INFO  common-flow - Returning all news
16:39:44.531 [main] INFO  common-flow - Feedback page loaded.
16:39:44.962 [main] INFO  common-flow - Getting all feedback
16:39:44.962 [main] INFO  common-flow - Returning all feedback
16:39:44.969 [main] INFO  common-flow - Starting feedback save. subject=happy
16:39:44.970 [main] INFO  common-flow - Feedback save completed. subject=happy
16:58:37.735 [main] INFO  common-flow - Processing feedback submission.
16:58:37.736 [main] INFO  common-flow - Starting feedback save. subject=happy
16:58:37.739 [main] INFO  common-flow - Feedback save completed. subject=happy
16:58:37.739 [main] INFO  common-flow - Feedback submission completed.
16:58:37.747 [main] INFO  common-flow - Loading feedback page.
16:58:37.747 [main] INFO  common-flow - Getting all news
16:58:37.747 [main] INFO  common-flow - Returning all news
16:58:37.749 [main] INFO  common-flow - Feedback page loaded.
16:58:38.174 [main] INFO  common-flow - Getting all feedback
16:58:38.175 [main] INFO  common-flow - Returning all feedback
16:58:38.181 [main] INFO  common-flow - Starting feedback save. subject=happy
16:58:38.182 [main] INFO  common-flow - Feedback save completed. subject=happy
17:01:04.021 [main] INFO  common-flow - Processing feedback submission.
17:01:04.022 [main] INFO  common-flow - Starting feedback save. subject=happy
17:01:04.024 [main] INFO  common-flow - Feedback save completed. subject=happy
17:01:04.024 [main] INFO  common-flow - Feedback submission completed.
17:01:04.031 [main] INFO  common-flow - Loading feedback page.
17:01:04.031 [main] INFO  common-flow - Getting all news
17:01:04.031 [main] INFO  common-flow - Returning all news
17:01:04.032 [main] INFO  common-flow - Feedback page loaded.
17:01:04.432 [main] INFO  common-flow - Getting all feedback
17:01:04.432 [main] INFO  common-flow - Returning all feedback
17:01:04.440 [main] INFO  common-flow - Starting feedback save. subject=happy
17:01:04.441 [main] INFO  common-flow - Feedback save completed. subject=happy
17:14:30.256 [main] INFO  common-flow - Processing feedback submission.
17:14:30.257 [main] INFO  common-flow - Starting feedback save. subject=happy
17:14:30.258 [main] INFO  common-flow - Feedback save completed. subject=happy
17:14:30.258 [main] INFO  common-flow - Feedback submission completed.
17:14:30.264 [main] INFO  common-flow - Loading feedback page.
17:14:30.265 [main] INFO  common-flow - Getting all news
17:14:30.265 [main] INFO  common-flow - Returning all news
17:14:30.266 [main] INFO  common-flow - Feedback page loaded.
17:14:30.690 [main] INFO  common-flow - Getting all feedback
17:14:30.690 [main] INFO  common-flow - Returning all feedback
17:14:30.699 [main] INFO  common-flow - Starting feedback save. subject=happy
17:14:30.701 [main] INFO  common-flow - Feedback save completed. subject=happy
17:31:22.410 [main] INFO  common-flow - Processing feedback submission.
17:31:22.410 [main] INFO  common-flow - Starting feedback save. subject=happy
17:31:22.412 [main] INFO  common-flow - Feedback save completed. subject=happy
17:31:22.412 [main] INFO  common-flow - Feedback submission completed.
17:31:22.420 [main] INFO  common-flow - Loading feedback page.
17:31:22.420 [main] INFO  common-flow - Getting all news
17:31:22.420 [main] INFO  common-flow - Returning all news
17:31:22.421 [main] INFO  common-flow - Feedback page loaded.
17:31:22.780 [main] INFO  common-flow - Getting all feedback
17:31:22.780 [main] INFO  common-flow - Returning all feedback
17:31:22.789 [main] INFO  common-flow - Starting feedback save. subject=happy
17:31:22.791 [main] INFO  common-flow - Feedback save completed. subject=happy
18:00:32.818 [main] INFO  common-flow - Processing feedback submission.
18:00:32.819 [main] INFO  common-flow - Starting feedback save. subject=happy
18:00:32.821 [main] INFO  common-flow - Feedback save completed. subject=happy
18:00:32.821 [main] INFO  common-flow - Feedback submission completed.
18:00:32.828 [main] INFO  common-flow - Loading feedback page.
18:00:32.828 [main] INFO  common-flow - Getting all news
18:00:32.828 [main] INFO  common-flow - Returning all news
18:00:32.829 [main] INFO  common-flow - Feedback page loaded.
18:00:33.262 [main] INFO  common-flow - Getting all feedback
18:00:33.262 [main] INFO  common-flow - Returning all feedback
18:00:33.271 [main] INFO  common-flow - Starting feedback save. subject=happy
18:00:33.273 [main] INFO  common-flow - Feedback save completed. subject=happy
18:08:45.594 [main] INFO  common-flow - Processing feedback submission.
18:08:45.595 [main] INFO  common-flow - Starting feedback save. subject=happy
18:08:45.597 [main] INFO  common-flow - Feedback save completed. subject=happy
18:08:45.598 [main] INFO  common-flow - Feedback submission completed.
18:08:45.604 [main] INFO  common-flow - Loading feedback page.
18:08:45.604 [main] INFO  common-flow - Getting all news
18:08:45.604 [main] INFO  common-flow - Returning all news
18:08:45.606 [main] INFO  common-flow - Feedback page loaded.
18:08:46.031 [main] INFO  common-flow - Getting all feedback
18:08:46.032 [main] INFO  common-flow - Returning all feedback
18:08:46.039 [main] INFO  common-flow - Starting feedback save. subject=happy
18:08:46.041 [main] INFO  common-flow - Feedback save completed. subject=happy
18:13:00.203 [main] INFO  common-flow - Processing feedback submission.
18:13:00.204 [main] INFO  common-flow - Starting feedback save. subject=happy
18:13:00.206 [main] INFO  common-flow - Feedback save completed. subject=happy
18:13:00.206 [main] INFO  common-flow - Feedback submission completed.
18:13:00.212 [main] INFO  common-flow - Loading feedback page.
18:13:00.213 [main] INFO  common-flow - Getting all news
18:13:00.213 [main] INFO  common-flow - Returning all news
18:13:00.214 [main] INFO  common-flow - Feedback page loaded.
18:13:00.606 [main] INFO  common-flow - Getting all feedback
18:13:00.606 [main] INFO  common-flow - Returning all feedback
18:13:00.614 [main] INFO  common-flow - Starting feedback save. subject=happy
18:13:00.615 [main] INFO  common-flow - Feedback save completed. subject=happy
19:01:09.310 [main] INFO  common-flow - Processing feedback submission.
19:01:09.311 [main] INFO  common-flow - Starting feedback save. subject=happy
19:01:09.313 [main] INFO  common-flow - Feedback save completed. subject=happy
19:01:09.313 [main] INFO  common-flow - Feedback submission completed.
19:01:09.318 [main] INFO  common-flow - Loading feedback page.
19:01:09.318 [main] INFO  common-flow - Getting all news
19:01:09.318 [main] INFO  common-flow - Returning all news
19:01:09.319 [main] INFO  common-flow - Feedback page loaded.
19:01:09.710 [main] INFO  common-flow - Getting all feedback
19:01:09.710 [main] INFO  common-flow - Returning all feedback
19:01:09.716 [main] INFO  common-flow - Starting feedback save. subject=happy
19:01:09.717 [main] INFO  common-flow - Feedback save completed. subject=happy
22:13:55.545 [main] INFO  common-flow - Processing feedback submission.
22:13:55.546 [main] INFO  common-flow - Starting feedback save. subject=happy
22:13:55.548 [main] INFO  common-flow - Feedback save completed. subject=happy
22:13:55.548 [main] INFO  common-flow - Feedback submission completed.
22:13:55.555 [main] INFO  common-flow - Loading feedback page.
22:13:55.556 [main] INFO  common-flow - Getting all news
22:13:55.556 [main] INFO  common-flow - Returning all news
22:13:55.557 [main] INFO  common-flow - Feedback page loaded.
22:13:56.077 [main] INFO  common-flow - Getting all feedback
22:13:56.077 [main] INFO  common-flow - Returning all feedback
22:13:56.085 [main] INFO  common-flow - Starting feedback save. subject=happy
22:13:56.086 [main] INFO  common-flow - Feedback save completed. subject=happy
22:29:05.159 [main] INFO  common-flow - Processing feedback submission.
22:29:05.159 [main] INFO  common-flow - Starting feedback save. subject=happy
22:29:05.162 [main] INFO  common-flow - Feedback save completed. subject=happy
22:29:05.162 [main] INFO  common-flow - Feedback submission completed.
22:29:05.168 [main] INFO  common-flow - Loading feedback page.
22:29:05.168 [main] INFO  common-flow - Getting all news
22:29:05.168 [main] INFO  common-flow - Returning all news
22:29:05.170 [main] INFO  common-flow - Feedback page loaded.
22:29:05.572 [main] INFO  common-flow - Getting all feedback
22:29:05.572 [main] INFO  common-flow - Returning all feedback
22:29:05.579 [main] INFO  common-flow - Starting feedback save. subject=happy
22:29:05.582 [main] INFO  common-flow - Feedback save completed. subject=happy
10:12:59.198 [main] INFO  common-flow - Processing feedback submission.
10:12:59.199 [main] INFO  common-flow - Starting feedback save. subject=happy
10:12:59.201 [main] INFO  common-flow - Feedback save completed. subject=happy
10:12:59.201 [main] INFO  common-flow - Feedback submission completed.
10:12:59.209 [main] INFO  common-flow - Loading feedback page.
10:12:59.209 [main] INFO  common-flow - Getting all news
10:12:59.209 [main] INFO  common-flow - Returning all news
10:12:59.210 [main] INFO  common-flow - Feedback page loaded.
10:12:59.639 [main] INFO  common-flow - Getting all feedback
10:12:59.639 [main] INFO  common-flow - Returning all feedback
10:12:59.647 [main] INFO  common-flow - Starting feedback save. subject=happy
10:12:59.648 [main] INFO  common-flow - Feedback save completed. subject=happy
10:22:15.794 [main] INFO  common-flow - Processing feedback submission.
10:22:15.794 [main] INFO  common-flow - Starting feedback save. subject=happy
10:22:15.796 [main] INFO  common-flow - Feedback save completed. subject=happy
10:22:15.796 [main] INFO  common-flow - Feedback submission completed.
10:22:15.801 [main] INFO  common-flow - Loading feedback page.
10:22:15.801 [main] INFO  common-flow - Getting all news
10:22:15.801 [main] INFO  common-flow - Returning all news
10:22:15.803 [main] INFO  common-flow - Feedback page loaded.
10:22:16.217 [main] INFO  common-flow - Getting all feedback
10:22:16.217 [main] INFO  common-flow - Returning all feedback
10:22:16.225 [main] INFO  common-flow - Starting feedback save. subject=happy
10:22:16.226 [main] INFO  common-flow - Feedback save completed. subject=happy
10:36:39.965 [main] INFO  common-flow - Processing feedback submission.
10:36:39.966 [main] INFO  common-flow - Starting feedback save. subject=happy
10:36:39.968 [main] INFO  common-flow - Feedback save completed. subject=happy
10:36:39.968 [main] INFO  common-flow - Feedback submission completed.
10:36:39.976 [main] INFO  common-flow - Loading feedback page.
10:36:39.976 [main] INFO  common-flow - Getting all news
10:36:39.976 [main] INFO  common-flow - Returning all news
10:36:39.977 [main] INFO  common-flow - Feedback page loaded.
10:36:40.399 [main] INFO  common-flow - Getting all feedback
10:36:40.400 [main] INFO  common-flow - Returning all feedback
10:36:40.407 [main] INFO  common-flow - Starting feedback save. subject=happy
10:36:40.408 [main] INFO  common-flow - Feedback save completed. subject=happy
11:52:33.382 [main] INFO  common-flow - Processing feedback submission.
11:52:33.383 [main] INFO  common-flow - Starting feedback save. subject=happy
11:52:33.385 [main] INFO  common-flow - Feedback save completed. subject=happy
11:52:33.385 [main] INFO  common-flow - Feedback submission completed.
11:52:33.394 [main] INFO  common-flow - Loading feedback page.
11:52:33.394 [main] INFO  common-flow - Getting all news
11:52:33.394 [main] INFO  common-flow - Returning all news
11:52:33.396 [main] INFO  common-flow - Feedback page loaded.
11:52:33.911 [main] INFO  common-flow - Getting all feedback
11:52:33.911 [main] INFO  common-flow - Returning all feedback
11:52:33.924 [main] INFO  common-flow - Starting feedback save. subject=happy
11:52:33.925 [main] INFO  common-flow - Feedback save completed. subject=happy
12:07:39.581 [main] INFO  common-flow - Processing feedback submission.
12:07:39.582 [main] INFO  common-flow - Starting feedback save. subject=happy
12:07:39.585 [main] INFO  common-flow - Feedback save completed. subject=happy
12:07:39.585 [main] INFO  common-flow - Feedback submission completed.
12:07:39.595 [main] INFO  common-flow - Loading feedback page.
12:07:39.595 [main] INFO  common-flow - Getting all news
12:07:39.595 [main] INFO  common-flow - Returning all news
12:07:39.596 [main] INFO  common-flow - Feedback page loaded.
12:07:40.084 [main] INFO  common-flow - Getting all feedback
12:07:40.084 [main] INFO  common-flow - Returning all feedback
12:07:40.092 [main] INFO  common-flow - Starting feedback save. subject=happy
12:07:40.094 [main] INFO  common-flow - Feedback save completed. subject=happy
18:37:33.683 [main] INFO  common-flow - Processing feedback submission.
18:37:33.683 [main] INFO  common-flow - Starting feedback save. subject=happy
18:37:33.685 [main] INFO  common-flow - Feedback save completed. subject=happy
18:37:33.686 [main] INFO  common-flow - Feedback submission completed.
18:37:33.693 [main] INFO  common-flow - Loading feedback page.
18:37:33.693 [main] INFO  common-flow - Getting all news
18:37:33.693 [main] INFO  common-flow - Returning all news
18:37:33.694 [main] INFO  common-flow - Feedback page loaded.
18:37:34.086 [main] INFO  common-flow - Getting all feedback
18:37:34.087 [main] INFO  common-flow - Returning all feedback
18:37:34.094 [main] INFO  common-flow - Starting feedback save. subject=happy
18:37:34.095 [main] INFO  common-flow - Feedback save completed. subject=happy
07:40:45.241 [main] INFO  common-flow - Processing feedback submission.
07:40:45.242 [main] INFO  common-flow - Starting feedback save. subject=happy
07:40:45.245 [main] INFO  common-flow - Feedback save completed. subject=happy
07:40:45.245 [main] INFO  common-flow - Feedback submission completed.
07:40:45.254 [main] INFO  common-flow - Loading feedback page.
07:40:45.254 [main] INFO  common-flow - Getting all news
07:40:45.254 [main] INFO  common-flow - Returning all news
07:40:45.256 [main] INFO  common-flow - Feedback page loaded.
07:40:45.787 [main] INFO  common-flow - Getting all feedback
07:40:45.787 [main] INFO  common-flow - Returning all feedback
07:40:45.798 [main] INFO  common-flow - Starting feedback save. subject=happy
07:40:45.799 [main] INFO  common-flow - Feedback save completed. subject=happy
07:44:47.243 [main] INFO  common-flow - Processing feedback submission.
07:44:47.243 [main] INFO  common-flow - Starting feedback save. subject=happy
07:44:47.245 [main] INFO  common-flow - Feedback save completed. subject=happy
07:44:47.246 [main] INFO  common-flow - Feedback submission completed.
07:44:47.253 [main] INFO  common-flow - Loading feedback page.
07:44:47.253 [main] INFO  common-flow - Getting all news
07:44:47.253 [main] INFO  common-flow - Returning all news
07:44:47.254 [main] INFO  common-flow - Feedback page loaded.
07:44:47.732 [main] INFO  common-flow - Getting all feedback
07:44:47.732 [main] INFO  common-flow - Returning all feedback
07:44:47.738 [main] INFO  common-flow - Starting feedback save. subject=happy
07:44:47.740 [main] INFO  common-flow - Feedback save completed. subject=happy
07:48:36.271 [main] INFO  common-flow - Processing feedback submission.
07:48:36.271 [main] INFO  common-flow - Starting feedback save. subject=happy
07:48:36.274 [main] INFO  common-flow - Feedback save completed. subject=happy
07:48:36.274 [main] INFO  common-flow - Feedback submission completed.
07:48:36.281 [main] INFO  common-flow - Loading feedback page.
07:48:36.281 [main] INFO  common-flow - Getting all news
07:48:36.281 [main] INFO  common-flow - Returning all news
07:48:36.283 [main] INFO  common-flow - Feedback page loaded.
07:48:36.789 [main] INFO  common-flow - Getting all feedback
07:48:36.789 [main] INFO  common-flow - Returning all feedback
07:48:36.802 [main] INFO  common-flow - Starting feedback save. subject=happy
07:48:36.803 [main] INFO  common-flow - Feedback save completed. subject=happy
07:51:03.723 [main] INFO  common-flow - Processing feedback submission.
07:51:03.724 [main] INFO  common-flow - Starting feedback save. subject=happy
07:51:03.727 [main] INFO  common-flow - Feedback save completed. subject=happy
07:51:03.728 [main] INFO  common-flow - Feedback submission completed.
07:51:03.737 [main] INFO  common-flow - Loading feedback page.
07:51:03.738 [main] INFO  common-flow - Getting all news
07:51:03.738 [main] INFO  common-flow - Returning all news
07:51:03.741 [main] INFO  common-flow - Feedback page loaded.
07:51:04.254 [main] INFO  common-flow - Getting all feedback
07:51:04.254 [main] INFO  common-flow - Returning all feedback
07:51:04.263 [main] INFO  common-flow - Starting feedback save. subject=happy
07:51:04.265 [main] INFO  common-flow - Feedback save completed. subject=happy
07:52:50.173 [main] INFO  common-flow - Processing feedback submission.
07:52:50.173 [main] INFO  common-flow - Starting feedback save. subject=happy
07:52:50.175 [main] INFO  common-flow - Feedback save completed. subject=happy
07:52:50.175 [main] INFO  common-flow - Feedback submission completed.
07:52:50.182 [main] INFO  common-flow - Loading feedback page.
07:52:50.182 [main] INFO  common-flow - Getting all news
07:52:50.182 [main] INFO  common-flow - Returning all news
07:52:50.183 [main] INFO  common-flow - Feedback page loaded.
07:52:50.692 [main] INFO  common-flow - Getting all feedback
07:52:50.692 [main] INFO  common-flow - Returning all feedback
07:52:50.706 [main] INFO  common-flow - Starting feedback save. subject=happy
07:52:50.708 [main] INFO  common-flow - Feedback save completed. subject=happy
07:53:42.401 [main] INFO  common-flow - Processing feedback submission.
07:53:42.402 [main] INFO  common-flow - Starting feedback save. subject=happy
07:53:42.405 [main] INFO  common-flow - Feedback save completed. subject=happy
07:53:42.405 [main] INFO  common-flow - Feedback submission completed.
07:53:42.416 [main] INFO  common-flow - Loading feedback page.
07:53:42.417 [main] INFO  common-flow - Getting all news
07:53:42.417 [main] INFO  common-flow - Returning all news
07:53:42.419 [main] INFO  common-flow - Feedback page loaded.
07:53:42.988 [main] INFO  common-flow - Getting all feedback
07:53:42.988 [main] INFO  common-flow - Returning all feedback
07:53:42.998 [main] INFO  common-flow - Starting feedback save. subject=happy
07:53:43.000 [main] INFO  common-flow - Feedback save completed. subject=happy
08:03:57.353 [main] INFO  common-flow - Processing feedback submission.
08:03:57.354 [main] INFO  common-flow - Starting feedback save. subject=happy
08:03:57.360 [main] INFO  common-flow - Feedback save completed. subject=happy
08:03:57.360 [main] INFO  common-flow - Feedback submission completed.
08:03:57.376 [main] INFO  common-flow - Loading feedback page.
08:03:57.376 [main] INFO  common-flow - Getting all news
08:03:57.377 [main] INFO  common-flow - Returning all news
08:03:57.380 [main] INFO  common-flow - Feedback page loaded.
08:03:58.454 [main] INFO  common-flow - Getting all feedback
08:03:58.455 [main] INFO  common-flow - Returning all feedback
08:03:58.475 [main] INFO  common-flow - Starting feedback save. subject=happy
08:03:58.479 [main] INFO  common-flow - Feedback save completed. subject=happy
08:06:23.699 [main] INFO  common-flow - Processing feedback submission.
08:06:23.700 [main] INFO  common-flow - Starting feedback save. subject=happy
08:06:23.702 [main] INFO  common-flow - Feedback save completed. subject=happy
08:06:23.702 [main] INFO  common-flow - Feedback submission completed.
08:06:23.709 [main] INFO  common-flow - Loading feedback page.
08:06:23.709 [main] INFO  common-flow - Getting all news
08:06:23.709 [main] INFO  common-flow - Returning all news
08:06:23.711 [main] INFO  common-flow - Feedback page loaded.
08:06:24.219 [main] INFO  common-flow - Getting all feedback
08:06:24.219 [main] INFO  common-flow - Returning all feedback
08:06:24.225 [main] INFO  common-flow - Starting feedback save. subject=happy
08:06:24.226 [main] INFO  common-flow - Feedback save completed. subject=happy
